[2025-05-22T19:58:29.691+0000] {local_task_job_runner.py:120} INFO - ::group::Pre task execution logs
[2025-05-22T19:58:29.770+0000] {taskinstance.py:2076} INFO - Dependencies all met for dep_context=non-requeueable deps ti=<TaskInstance: who_health_pipeline.transform_data scheduled__2025-05-21T00:00:00+00:00 [queued]>
[2025-05-22T19:58:29.795+0000] {taskinstance.py:2076} INFO - Dependencies all met for dep_context=requeueable deps ti=<TaskInstance: who_health_pipeline.transform_data scheduled__2025-05-21T00:00:00+00:00 [queued]>
[2025-05-22T19:58:29.796+0000] {taskinstance.py:2306} INFO - Starting attempt 1 of 2
[2025-05-22T19:58:29.850+0000] {taskinstance.py:2330} INFO - Executing <Task(PythonOperator): transform_data> on 2025-05-21 00:00:00+00:00
[2025-05-22T19:58:29.876+0000] {logging_mixin.py:188} WARNING - /home/***/.local/lib/python3.12/site-packages/***/task/task_runner/standard_task_runner.py:61 DeprecationWarning: This process (pid=197) is multi-threaded, use of fork() may lead to deadlocks in the child.
[2025-05-22T19:58:29.885+0000] {standard_task_runner.py:63} INFO - Started process 202 to run task
[2025-05-22T19:58:29.876+0000] {standard_task_runner.py:90} INFO - Running: ['***', 'tasks', 'run', 'who_health_pipeline', 'transform_data', 'scheduled__2025-05-21T00:00:00+00:00', '--job-id', '10', '--raw', '--subdir', 'DAGS_FOLDER/who_health_pipeline_dag.py', '--cfg-path', '/tmp/tmp_svdfuhm']
[2025-05-22T19:58:29.888+0000] {standard_task_runner.py:91} INFO - Job 10: Subtask transform_data
[2025-05-22T19:58:29.935+0000] {logging_mixin.py:188} WARNING - /home/***/.local/lib/python3.12/site-packages/***/settings.py:195 DeprecationWarning: The sql_alchemy_conn option in [core] has been moved to the sql_alchemy_conn option in [database] - the old setting has been used, but please update your config.
[2025-05-22T19:58:30.023+0000] {task_command.py:426} INFO - Running <TaskInstance: who_health_pipeline.transform_data scheduled__2025-05-21T00:00:00+00:00 [running]> on host 6afb6cb1076b
[2025-05-22T19:58:30.436+0000] {taskinstance.py:2648} INFO - Exporting env vars: AIRFLOW_CTX_DAG_OWNER='joao' AIRFLOW_CTX_DAG_ID='who_health_pipeline' AIRFLOW_CTX_TASK_ID='transform_data' AIRFLOW_CTX_EXECUTION_DATE='2025-05-21T00:00:00+00:00' AIRFLOW_CTX_TRY_NUMBER='1' AIRFLOW_CTX_DAG_RUN_ID='scheduled__2025-05-21T00:00:00+00:00'
[2025-05-22T19:58:30.480+0000] {taskinstance.py:430} INFO - ::endgroup::
[2025-05-22T19:58:30.578+0000] {logging_mixin.py:188} INFO - Archivo no encontrado: data/validated_data.csv
[2025-05-22T19:58:30.580+0000] {python.py:237} INFO - Done. Returned value was: None
[2025-05-22T19:58:30.582+0000] {taskinstance.py:441} INFO - ::group::Post task execution logs
[2025-05-22T19:58:30.623+0000] {taskinstance.py:1206} INFO - Marking task as SUCCESS. dag_id=who_health_pipeline, task_id=transform_data, run_id=scheduled__2025-05-21T00:00:00+00:00, execution_date=20250521T000000, start_date=20250522T195829, end_date=20250522T195830
[2025-05-22T19:58:30.695+0000] {local_task_job_runner.py:240} INFO - Task exited with return code 0
[2025-05-22T19:58:30.763+0000] {taskinstance.py:3498} INFO - 1 downstream tasks scheduled from follow-on schedule check
[2025-05-22T19:58:30.767+0000] {local_task_job_runner.py:222} INFO - ::endgroup::
[2025-05-22T20:37:59.999+0000] {local_task_job_runner.py:120} INFO - ::group::Pre task execution logs
[2025-05-22T20:38:00.097+0000] {taskinstance.py:2076} INFO - Dependencies all met for dep_context=non-requeueable deps ti=<TaskInstance: who_health_pipeline.transform_data scheduled__2025-05-21T00:00:00+00:00 [queued]>
[2025-05-22T20:38:00.133+0000] {taskinstance.py:2076} INFO - Dependencies all met for dep_context=requeueable deps ti=<TaskInstance: who_health_pipeline.transform_data scheduled__2025-05-21T00:00:00+00:00 [queued]>
[2025-05-22T20:38:00.136+0000] {taskinstance.py:2306} INFO - Starting attempt 1 of 2
[2025-05-22T20:38:00.195+0000] {taskinstance.py:2330} INFO - Executing <Task(PythonOperator): transform_data> on 2025-05-21 00:00:00+00:00
[2025-05-22T20:38:00.216+0000] {logging_mixin.py:188} WARNING - /home/***/.local/lib/python3.12/site-packages/***/task/task_runner/standard_task_runner.py:61 DeprecationWarning: This process (pid=221) is multi-threaded, use of fork() may lead to deadlocks in the child.
[2025-05-22T20:38:00.229+0000] {standard_task_runner.py:90} INFO - Running: ['***', 'tasks', 'run', 'who_health_pipeline', 'transform_data', 'scheduled__2025-05-21T00:00:00+00:00', '--job-id', '7', '--raw', '--subdir', 'DAGS_FOLDER/who_health_pipeline_dag.py', '--cfg-path', '/tmp/tmpku9j2fe2']
[2025-05-22T20:38:00.234+0000] {standard_task_runner.py:63} INFO - Started process 225 to run task
[2025-05-22T20:38:00.237+0000] {standard_task_runner.py:91} INFO - Job 7: Subtask transform_data
[2025-05-22T20:38:00.315+0000] {logging_mixin.py:188} WARNING - /home/***/.local/lib/python3.12/site-packages/***/settings.py:195 DeprecationWarning: The sql_alchemy_conn option in [core] has been moved to the sql_alchemy_conn option in [database] - the old setting has been used, but please update your config.
[2025-05-22T20:38:00.408+0000] {task_command.py:426} INFO - Running <TaskInstance: who_health_pipeline.transform_data scheduled__2025-05-21T00:00:00+00:00 [running]> on host c19266da8ad3
[2025-05-22T20:38:00.625+0000] {taskinstance.py:2648} INFO - Exporting env vars: AIRFLOW_CTX_DAG_OWNER='joao' AIRFLOW_CTX_DAG_ID='who_health_pipeline' AIRFLOW_CTX_TASK_ID='transform_data' AIRFLOW_CTX_EXECUTION_DATE='2025-05-21T00:00:00+00:00' AIRFLOW_CTX_TRY_NUMBER='1' AIRFLOW_CTX_DAG_RUN_ID='scheduled__2025-05-21T00:00:00+00:00'
[2025-05-22T20:38:00.631+0000] {taskinstance.py:430} INFO - ::endgroup::
[2025-05-22T20:38:00.707+0000] {logging_mixin.py:188} INFO - Datos validados cargados con 12210 filas.
[2025-05-22T20:38:00.773+0000] {logging_mixin.py:188} INFO - Datos transformados guardados en: data/transformed_data.csv
[2025-05-22T20:38:00.775+0000] {python.py:237} INFO - Done. Returned value was: None
[2025-05-22T20:38:00.776+0000] {taskinstance.py:441} INFO - ::group::Post task execution logs
[2025-05-22T20:38:00.797+0000] {taskinstance.py:1206} INFO - Marking task as SUCCESS. dag_id=who_health_pipeline, task_id=transform_data, run_id=scheduled__2025-05-21T00:00:00+00:00, execution_date=20250521T000000, start_date=20250522T203800, end_date=20250522T203800
[2025-05-22T20:38:00.856+0000] {local_task_job_runner.py:240} INFO - Task exited with return code 0
[2025-05-22T20:38:00.922+0000] {taskinstance.py:3498} INFO - 1 downstream tasks scheduled from follow-on schedule check
[2025-05-22T20:38:00.929+0000] {local_task_job_runner.py:222} INFO - ::endgroup::
