[2025-05-22T20:03:41.187+0000] {local_task_job_runner.py:120} INFO - ::group::Pre task execution logs
[2025-05-22T20:03:41.272+0000] {taskinstance.py:2076} INFO - Dependencies all met for dep_context=non-requeueable deps ti=<TaskInstance: who_health_pipeline.load_data scheduled__2025-05-21T00:00:00+00:00 [queued]>
[2025-05-22T20:03:41.297+0000] {taskinstance.py:2076} INFO - Dependencies all met for dep_context=requeueable deps ti=<TaskInstance: who_health_pipeline.load_data scheduled__2025-05-21T00:00:00+00:00 [queued]>
[2025-05-22T20:03:41.298+0000] {taskinstance.py:2306} INFO - Starting attempt 2 of 2
[2025-05-22T20:03:41.343+0000] {taskinstance.py:2330} INFO - Executing <Task(PythonOperator): load_data> on 2025-05-21 00:00:00+00:00
[2025-05-22T20:03:41.395+0000] {logging_mixin.py:188} WARNING - /home/***/.local/lib/python3.12/site-packages/***/task/task_runner/standard_task_runner.py:61 DeprecationWarning: This process (pid=270) is multi-threaded, use of fork() may lead to deadlocks in the child.
[2025-05-22T20:03:41.402+0000] {standard_task_runner.py:90} INFO - Running: ['***', 'tasks', 'run', 'who_health_pipeline', 'load_data', 'scheduled__2025-05-21T00:00:00+00:00', '--job-id', '14', '--raw', '--subdir', 'DAGS_FOLDER/who_health_pipeline_dag.py', '--cfg-path', '/tmp/tmp51fivvqz']
[2025-05-22T20:03:41.419+0000] {standard_task_runner.py:63} INFO - Started process 273 to run task
[2025-05-22T20:03:41.420+0000] {standard_task_runner.py:91} INFO - Job 14: Subtask load_data
[2025-05-22T20:03:41.583+0000] {logging_mixin.py:188} WARNING - /home/***/.local/lib/python3.12/site-packages/***/settings.py:195 DeprecationWarning: The sql_alchemy_conn option in [core] has been moved to the sql_alchemy_conn option in [database] - the old setting has been used, but please update your config.
[2025-05-22T20:03:41.819+0000] {task_command.py:426} INFO - Running <TaskInstance: who_health_pipeline.load_data scheduled__2025-05-21T00:00:00+00:00 [running]> on host 6afb6cb1076b
[2025-05-22T20:03:42.379+0000] {taskinstance.py:2648} INFO - Exporting env vars: AIRFLOW_CTX_DAG_OWNER='joao' AIRFLOW_CTX_DAG_ID='who_health_pipeline' AIRFLOW_CTX_TASK_ID='load_data' AIRFLOW_CTX_EXECUTION_DATE='2025-05-21T00:00:00+00:00' AIRFLOW_CTX_TRY_NUMBER='2' AIRFLOW_CTX_DAG_RUN_ID='scheduled__2025-05-21T00:00:00+00:00'
[2025-05-22T20:03:42.388+0000] {taskinstance.py:430} INFO - ::endgroup::
[2025-05-22T20:03:42.625+0000] {taskinstance.py:441} INFO - ::group::Post task execution logs
[2025-05-22T20:03:42.628+0000] {taskinstance.py:2905} ERROR - Task failed with exception
Traceback (most recent call last):
  File "/home/airflow/.local/lib/python3.12/site-packages/airflow/models/taskinstance.py", line 465, in _execute_task
    result = _execute_callable(context=context, **execute_callable_kwargs)
             ^^^^^^^^^^^^^^^^^^^^^^^^^^^^^^^^^^^^^^^^^^^^^^^^^^^^^^^^^^^^^
  File "/home/airflow/.local/lib/python3.12/site-packages/airflow/models/taskinstance.py", line 432, in _execute_callable
    return execute_callable(context=context, **execute_callable_kwargs)
           ^^^^^^^^^^^^^^^^^^^^^^^^^^^^^^^^^^^^^^^^^^^^^^^^^^^^^^^^^^^^
  File "/home/airflow/.local/lib/python3.12/site-packages/airflow/models/baseoperator.py", line 400, in wrapper
    return func(self, *args, **kwargs)
           ^^^^^^^^^^^^^^^^^^^^^^^^^^^
  File "/home/airflow/.local/lib/python3.12/site-packages/airflow/operators/python.py", line 235, in execute
    return_value = self.execute_callable()
                   ^^^^^^^^^^^^^^^^^^^^^^^
  File "/home/airflow/.local/lib/python3.12/site-packages/airflow/operators/python.py", line 252, in execute_callable
    return self.python_callable(*self.op_args, **self.op_kwargs)
           ^^^^^^^^^^^^^^^^^^^^^^^^^^^^^^^^^^^^^^^^^^^^^^^^^^^^^
  File "/opt/airflow/src/load_data.py", line 22, in load_data
    df = pd.read_csv(DATA_PATH)
         ^^^^^^^^^^^^^^^^^^^^^^
  File "/home/airflow/.local/lib/python3.12/site-packages/pandas/io/parsers/readers.py", line 948, in read_csv
    return _read(filepath_or_buffer, kwds)
           ^^^^^^^^^^^^^^^^^^^^^^^^^^^^^^^
  File "/home/airflow/.local/lib/python3.12/site-packages/pandas/io/parsers/readers.py", line 611, in _read
    parser = TextFileReader(filepath_or_buffer, **kwds)
             ^^^^^^^^^^^^^^^^^^^^^^^^^^^^^^^^^^^^^^^^^^
  File "/home/airflow/.local/lib/python3.12/site-packages/pandas/io/parsers/readers.py", line 1448, in __init__
    self._engine = self._make_engine(f, self.engine)
                   ^^^^^^^^^^^^^^^^^^^^^^^^^^^^^^^^^
  File "/home/airflow/.local/lib/python3.12/site-packages/pandas/io/parsers/readers.py", line 1705, in _make_engine
    self.handles = get_handle(
                   ^^^^^^^^^^^
  File "/home/airflow/.local/lib/python3.12/site-packages/pandas/io/common.py", line 863, in get_handle
    handle = open(
             ^^^^^
FileNotFoundError: [Errno 2] No such file or directory: 'data/transformed_data.csv'
[2025-05-22T20:03:42.685+0000] {taskinstance.py:1206} INFO - Marking task as FAILED. dag_id=who_health_pipeline, task_id=load_data, run_id=scheduled__2025-05-21T00:00:00+00:00, execution_date=20250521T000000, start_date=20250522T200341, end_date=20250522T200342
[2025-05-22T20:03:42.732+0000] {standard_task_runner.py:110} ERROR - Failed to execute job 14 for task load_data ([Errno 2] No such file or directory: 'data/transformed_data.csv'; 273)
[2025-05-22T20:03:42.791+0000] {local_task_job_runner.py:240} INFO - Task exited with return code 1
[2025-05-22T20:03:42.863+0000] {taskinstance.py:3498} INFO - 0 downstream tasks scheduled from follow-on schedule check
[2025-05-22T20:03:42.868+0000] {local_task_job_runner.py:222} INFO - ::endgroup::
[2025-05-22T20:44:11.837+0000] {local_task_job_runner.py:120} INFO - ::group::Pre task execution logs
[2025-05-22T20:44:11.997+0000] {taskinstance.py:2076} INFO - Dependencies all met for dep_context=non-requeueable deps ti=<TaskInstance: who_health_pipeline.load_data scheduled__2025-05-21T00:00:00+00:00 [queued]>
[2025-05-22T20:44:12.035+0000] {taskinstance.py:2076} INFO - Dependencies all met for dep_context=requeueable deps ti=<TaskInstance: who_health_pipeline.load_data scheduled__2025-05-21T00:00:00+00:00 [queued]>
[2025-05-22T20:44:12.041+0000] {taskinstance.py:2306} INFO - Starting attempt 2 of 2
[2025-05-22T20:44:12.122+0000] {taskinstance.py:2330} INFO - Executing <Task(PythonOperator): load_data> on 2025-05-21 00:00:00+00:00
[2025-05-22T20:44:12.174+0000] {logging_mixin.py:188} WARNING - /home/***/.local/lib/python3.12/site-packages/***/task/task_runner/standard_task_runner.py:61 DeprecationWarning: This process (pid=160) is multi-threaded, use of fork() may lead to deadlocks in the child.
[2025-05-22T20:44:12.178+0000] {standard_task_runner.py:63} INFO - Started process 171 to run task
[2025-05-22T20:44:12.177+0000] {standard_task_runner.py:90} INFO - Running: ['***', 'tasks', 'run', 'who_health_pipeline', 'load_data', 'scheduled__2025-05-21T00:00:00+00:00', '--job-id', '12', '--raw', '--subdir', 'DAGS_FOLDER/who_health_pipeline_dag.py', '--cfg-path', '/tmp/tmp788zq2b6']
[2025-05-22T20:44:12.193+0000] {standard_task_runner.py:91} INFO - Job 12: Subtask load_data
[2025-05-22T20:44:12.277+0000] {logging_mixin.py:188} WARNING - /home/***/.local/lib/python3.12/site-packages/***/settings.py:195 DeprecationWarning: The sql_alchemy_conn option in [core] has been moved to the sql_alchemy_conn option in [database] - the old setting has been used, but please update your config.
[2025-05-22T20:44:12.534+0000] {task_command.py:426} INFO - Running <TaskInstance: who_health_pipeline.load_data scheduled__2025-05-21T00:00:00+00:00 [running]> on host f073b08221f5
[2025-05-22T20:44:12.938+0000] {taskinstance.py:2648} INFO - Exporting env vars: AIRFLOW_CTX_DAG_OWNER='joao' AIRFLOW_CTX_DAG_ID='who_health_pipeline' AIRFLOW_CTX_TASK_ID='load_data' AIRFLOW_CTX_EXECUTION_DATE='2025-05-21T00:00:00+00:00' AIRFLOW_CTX_TRY_NUMBER='2' AIRFLOW_CTX_DAG_RUN_ID='scheduled__2025-05-21T00:00:00+00:00'
[2025-05-22T20:44:12.943+0000] {taskinstance.py:430} INFO - ::endgroup::
[2025-05-22T20:44:13.906+0000] {logging_mixin.py:188} INFO - Datos cargados correctamente en la tabla 'who_health_data'
[2025-05-22T20:44:13.908+0000] {python.py:237} INFO - Done. Returned value was: None
[2025-05-22T20:44:13.914+0000] {taskinstance.py:441} INFO - ::group::Post task execution logs
[2025-05-22T20:44:13.982+0000] {taskinstance.py:1206} INFO - Marking task as SUCCESS. dag_id=who_health_pipeline, task_id=load_data, run_id=scheduled__2025-05-21T00:00:00+00:00, execution_date=20250521T000000, start_date=20250522T204411, end_date=20250522T204413
[2025-05-22T20:44:14.133+0000] {local_task_job_runner.py:240} INFO - Task exited with return code 0
[2025-05-22T20:44:14.187+0000] {taskinstance.py:3498} INFO - 0 downstream tasks scheduled from follow-on schedule check
[2025-05-22T20:44:14.273+0000] {local_task_job_runner.py:222} INFO - ::endgroup::
