[2025-05-22T20:17:48.864+0000] {local_task_job_runner.py:120} INFO - ::group::Pre task execution logs
[2025-05-22T20:17:48.926+0000] {taskinstance.py:2076} INFO - Dependencies all met for dep_context=non-requeueable deps ti=<TaskInstance: who_health_pipeline.transform_data manual__2025-05-22T20:17:35.272139+00:00 [queued]>
[2025-05-22T20:17:48.945+0000] {taskinstance.py:2076} INFO - Dependencies all met for dep_context=requeueable deps ti=<TaskInstance: who_health_pipeline.transform_data manual__2025-05-22T20:17:35.272139+00:00 [queued]>
[2025-05-22T20:17:48.947+0000] {taskinstance.py:2306} INFO - Starting attempt 1 of 2
[2025-05-22T20:17:48.991+0000] {taskinstance.py:2330} INFO - Executing <Task(PythonOperator): transform_data> on 2025-05-22 20:17:35.272139+00:00
[2025-05-22T20:17:49.047+0000] {logging_mixin.py:188} WARNING - /home/***/.local/lib/python3.12/site-packages/***/task/task_runner/standard_task_runner.py:61 DeprecationWarning: This process (pid=202) is multi-threaded, use of fork() may lead to deadlocks in the child.
[2025-05-22T20:17:49.081+0000] {standard_task_runner.py:63} INFO - Started process 208 to run task
[2025-05-22T20:17:49.055+0000] {standard_task_runner.py:90} INFO - Running: ['***', 'tasks', 'run', 'who_health_pipeline', 'transform_data', 'manual__2025-05-22T20:17:35.272139+00:00', '--job-id', '19', '--raw', '--subdir', 'DAGS_FOLDER/who_health_pipeline_dag.py', '--cfg-path', '/tmp/tmp_0490_vl']
[2025-05-22T20:17:49.086+0000] {standard_task_runner.py:91} INFO - Job 19: Subtask transform_data
[2025-05-22T20:17:49.198+0000] {logging_mixin.py:188} WARNING - /home/***/.local/lib/python3.12/site-packages/***/settings.py:195 DeprecationWarning: The sql_alchemy_conn option in [core] has been moved to the sql_alchemy_conn option in [database] - the old setting has been used, but please update your config.
[2025-05-22T20:17:49.304+0000] {task_command.py:426} INFO - Running <TaskInstance: who_health_pipeline.transform_data manual__2025-05-22T20:17:35.272139+00:00 [running]> on host 51fa540bc812
[2025-05-22T20:17:49.528+0000] {taskinstance.py:2648} INFO - Exporting env vars: AIRFLOW_CTX_DAG_OWNER='joao' AIRFLOW_CTX_DAG_ID='who_health_pipeline' AIRFLOW_CTX_TASK_ID='transform_data' AIRFLOW_CTX_EXECUTION_DATE='2025-05-22T20:17:35.272139+00:00' AIRFLOW_CTX_TRY_NUMBER='1' AIRFLOW_CTX_DAG_RUN_ID='manual__2025-05-22T20:17:35.272139+00:00'
[2025-05-22T20:17:49.532+0000] {taskinstance.py:430} INFO - ::endgroup::
[2025-05-22T20:17:49.685+0000] {logging_mixin.py:188} INFO - Datos validados cargados con 12210 filas.
[2025-05-22T20:17:49.981+0000] {logging_mixin.py:188} INFO - Datos transformados guardados en: data/transformed_data.csv
[2025-05-22T20:17:49.982+0000] {python.py:237} INFO - Done. Returned value was: None
[2025-05-22T20:17:49.984+0000] {taskinstance.py:441} INFO - ::group::Post task execution logs
[2025-05-22T20:17:50.026+0000] {taskinstance.py:1206} INFO - Marking task as SUCCESS. dag_id=who_health_pipeline, task_id=transform_data, run_id=manual__2025-05-22T20:17:35.272139+00:00, execution_date=20250522T201735, start_date=20250522T201748, end_date=20250522T201750
[2025-05-22T20:17:50.088+0000] {local_task_job_runner.py:240} INFO - Task exited with return code 0
[2025-05-22T20:17:50.187+0000] {taskinstance.py:3498} INFO - 1 downstream tasks scheduled from follow-on schedule check
[2025-05-22T20:17:50.192+0000] {local_task_job_runner.py:222} INFO - ::endgroup::
