[2025-05-22T19:58:11.705+0000] {local_task_job_runner.py:120} INFO - ::group::Pre task execution logs
[2025-05-22T19:58:12.018+0000] {taskinstance.py:2076} INFO - Dependencies all met for dep_context=non-requeueable deps ti=<TaskInstance: who_health_pipeline.extract_data scheduled__2025-05-21T00:00:00+00:00 [queued]>
[2025-05-22T19:58:12.201+0000] {taskinstance.py:2076} INFO - Dependencies all met for dep_context=requeueable deps ti=<TaskInstance: who_health_pipeline.extract_data scheduled__2025-05-21T00:00:00+00:00 [queued]>
[2025-05-22T19:58:12.511+0000] {taskinstance.py:2306} INFO - Starting attempt 1 of 2
[2025-05-22T19:58:13.497+0000] {taskinstance.py:2330} INFO - Executing <Task(PythonOperator): extract_data> on 2025-05-21 00:00:00+00:00
[2025-05-22T19:58:13.605+0000] {logging_mixin.py:188} WARNING - /home/***/.local/lib/python3.12/site-packages/***/task/task_runner/standard_task_runner.py:61 DeprecationWarning: This process (pid=180) is multi-threaded, use of fork() may lead to deadlocks in the child.
[2025-05-22T19:58:13.626+0000] {standard_task_runner.py:63} INFO - Started process 189 to run task
[2025-05-22T19:58:13.621+0000] {standard_task_runner.py:90} INFO - Running: ['***', 'tasks', 'run', 'who_health_pipeline', 'extract_data', 'scheduled__2025-05-21T00:00:00+00:00', '--job-id', '6', '--raw', '--subdir', 'DAGS_FOLDER/who_health_pipeline_dag.py', '--cfg-path', '/tmp/tmpt266c5_x']
[2025-05-22T19:58:13.633+0000] {standard_task_runner.py:91} INFO - Job 6: Subtask extract_data
[2025-05-22T19:58:13.817+0000] {logging_mixin.py:188} WARNING - /home/***/.local/lib/python3.12/site-packages/***/settings.py:195 DeprecationWarning: The sql_alchemy_conn option in [core] has been moved to the sql_alchemy_conn option in [database] - the old setting has been used, but please update your config.
[2025-05-22T19:58:13.968+0000] {task_command.py:426} INFO - Running <TaskInstance: who_health_pipeline.extract_data scheduled__2025-05-21T00:00:00+00:00 [running]> on host 6afb6cb1076b
[2025-05-22T19:58:15.688+0000] {taskinstance.py:2648} INFO - Exporting env vars: AIRFLOW_CTX_DAG_OWNER='joao' AIRFLOW_CTX_DAG_ID='who_health_pipeline' AIRFLOW_CTX_TASK_ID='extract_data' AIRFLOW_CTX_EXECUTION_DATE='2025-05-21T00:00:00+00:00' AIRFLOW_CTX_TRY_NUMBER='1' AIRFLOW_CTX_DAG_RUN_ID='scheduled__2025-05-21T00:00:00+00:00'
[2025-05-22T19:58:15.690+0000] {taskinstance.py:430} INFO - ::endgroup::
[2025-05-22T19:58:16.064+0000] {logging_mixin.py:188} INFO - Solicitando datos desde https://ghoapi.azureedge.net/api/WHOSIS_000001...
[2025-05-22T19:58:20.482+0000] {logging_mixin.py:188} INFO - Error inesperado: [Errno 2] No such file or directory: 'data/raw_data.json'
[2025-05-22T19:58:20.517+0000] {python.py:237} INFO - Done. Returned value was: None
[2025-05-22T19:58:20.518+0000] {taskinstance.py:441} INFO - ::group::Post task execution logs
[2025-05-22T19:58:20.553+0000] {taskinstance.py:1206} INFO - Marking task as SUCCESS. dag_id=who_health_pipeline, task_id=extract_data, run_id=scheduled__2025-05-21T00:00:00+00:00, execution_date=20250521T000000, start_date=20250522T195812, end_date=20250522T195820
[2025-05-22T19:58:20.652+0000] {local_task_job_runner.py:240} INFO - Task exited with return code 0
[2025-05-22T19:58:20.761+0000] {taskinstance.py:3498} INFO - 1 downstream tasks scheduled from follow-on schedule check
[2025-05-22T19:58:20.765+0000] {local_task_job_runner.py:222} INFO - ::endgroup::
[2025-05-22T20:37:42.638+0000] {local_task_job_runner.py:120} INFO - ::group::Pre task execution logs
[2025-05-22T20:37:42.726+0000] {taskinstance.py:2076} INFO - Dependencies all met for dep_context=non-requeueable deps ti=<TaskInstance: who_health_pipeline.extract_data scheduled__2025-05-21T00:00:00+00:00 [queued]>
[2025-05-22T20:37:42.743+0000] {taskinstance.py:2076} INFO - Dependencies all met for dep_context=requeueable deps ti=<TaskInstance: who_health_pipeline.extract_data scheduled__2025-05-21T00:00:00+00:00 [queued]>
[2025-05-22T20:37:42.744+0000] {taskinstance.py:2306} INFO - Starting attempt 1 of 2
[2025-05-22T20:37:42.785+0000] {taskinstance.py:2330} INFO - Executing <Task(PythonOperator): extract_data> on 2025-05-21 00:00:00+00:00
[2025-05-22T20:37:42.819+0000] {standard_task_runner.py:90} INFO - Running: ['***', 'tasks', 'run', 'who_health_pipeline', 'extract_data', 'scheduled__2025-05-21T00:00:00+00:00', '--job-id', '3', '--raw', '--subdir', 'DAGS_FOLDER/who_health_pipeline_dag.py', '--cfg-path', '/tmp/tmpnzfw6cp6']
[2025-05-22T20:37:42.824+0000] {logging_mixin.py:188} WARNING - /home/***/.local/lib/python3.12/site-packages/***/task/task_runner/standard_task_runner.py:61 DeprecationWarning: This process (pid=209) is multi-threaded, use of fork() may lead to deadlocks in the child.
[2025-05-22T20:37:42.891+0000] {standard_task_runner.py:91} INFO - Job 3: Subtask extract_data
[2025-05-22T20:37:42.907+0000] {standard_task_runner.py:63} INFO - Started process 212 to run task
[2025-05-22T20:37:43.388+0000] {logging_mixin.py:188} WARNING - /home/***/.local/lib/python3.12/site-packages/***/settings.py:195 DeprecationWarning: The sql_alchemy_conn option in [core] has been moved to the sql_alchemy_conn option in [database] - the old setting has been used, but please update your config.
[2025-05-22T20:37:44.142+0000] {task_command.py:426} INFO - Running <TaskInstance: who_health_pipeline.extract_data scheduled__2025-05-21T00:00:00+00:00 [running]> on host c19266da8ad3
[2025-05-22T20:37:44.602+0000] {taskinstance.py:2648} INFO - Exporting env vars: AIRFLOW_CTX_DAG_OWNER='joao' AIRFLOW_CTX_DAG_ID='who_health_pipeline' AIRFLOW_CTX_TASK_ID='extract_data' AIRFLOW_CTX_EXECUTION_DATE='2025-05-21T00:00:00+00:00' AIRFLOW_CTX_TRY_NUMBER='1' AIRFLOW_CTX_DAG_RUN_ID='scheduled__2025-05-21T00:00:00+00:00'
[2025-05-22T20:37:44.604+0000] {taskinstance.py:430} INFO - ::endgroup::
[2025-05-22T20:37:44.664+0000] {logging_mixin.py:188} INFO - Solicitando datos desde https://ghoapi.azureedge.net/api/WHOSIS_000001...
[2025-05-22T20:37:53.180+0000] {logging_mixin.py:188} INFO - Datos guardados en data/raw_data.json
[2025-05-22T20:37:53.478+0000] {logging_mixin.py:188} INFO - 
Preview de datos crudos:
[2025-05-22T20:37:53.531+0000] {logging_mixin.py:188} INFO -         Id  IndicatorCode  ...         TimeDimensionBegin           TimeDimensionEnd
0  3668705  WHOSIS_000001  ...  2021-01-01T00:00:00+01:00  2021-12-31T00:00:00+01:00
1  3668879  WHOSIS_000001  ...  2000-01-01T00:00:00+01:00  2000-12-31T00:00:00+01:00
2  3670369  WHOSIS_000001  ...  2014-01-01T00:00:00+01:00  2014-12-31T00:00:00+01:00
3  3671012  WHOSIS_000001  ...  2003-01-01T00:00:00+01:00  2003-12-31T00:00:00+01:00
4  3671283  WHOSIS_000001  ...  2013-01-01T00:00:00+01:00  2013-12-31T00:00:00+01:00

[5 rows x 25 columns]
[2025-05-22T20:37:53.532+0000] {logging_mixin.py:188} INFO - 
Columnas disponibles:
[2025-05-22T20:37:53.533+0000] {logging_mixin.py:188} INFO - ['Id', 'IndicatorCode', 'SpatialDimType', 'SpatialDim', 'ParentLocationCode', 'TimeDimType', 'ParentLocation', 'Dim1Type', 'Dim1', 'TimeDim', 'Dim2Type', 'Dim2', 'Dim3Type', 'Dim3', 'DataSourceDimType', 'DataSourceDim', 'Value', 'NumericValue', 'Low', 'High', 'Comments', 'Date', 'TimeDimensionValue', 'TimeDimensionBegin', 'TimeDimensionEnd']
[2025-05-22T20:37:53.561+0000] {python.py:237} INFO - Done. Returned value was: None
[2025-05-22T20:37:53.562+0000] {taskinstance.py:441} INFO - ::group::Post task execution logs
[2025-05-22T20:37:53.592+0000] {taskinstance.py:1206} INFO - Marking task as SUCCESS. dag_id=who_health_pipeline, task_id=extract_data, run_id=scheduled__2025-05-21T00:00:00+00:00, execution_date=20250521T000000, start_date=20250522T203742, end_date=20250522T203753
[2025-05-22T20:37:53.688+0000] {local_task_job_runner.py:240} INFO - Task exited with return code 0
[2025-05-22T20:37:53.731+0000] {taskinstance.py:3498} INFO - 1 downstream tasks scheduled from follow-on schedule check
[2025-05-22T20:37:53.735+0000] {local_task_job_runner.py:222} INFO - ::endgroup::
