[2025-05-22T20:44:11.791+0000] {local_task_job_runner.py:120} INFO - ::group::Pre task execution logs
[2025-05-22T20:44:11.941+0000] {taskinstance.py:2076} INFO - Dependencies all met for dep_context=non-requeueable deps ti=<TaskInstance: who_health_pipeline.load_data manual__2025-05-22T20:37:37.436492+00:00 [queued]>
[2025-05-22T20:44:11.990+0000] {taskinstance.py:2076} INFO - Dependencies all met for dep_context=requeueable deps ti=<TaskInstance: who_health_pipeline.load_data manual__2025-05-22T20:37:37.436492+00:00 [queued]>
[2025-05-22T20:44:11.994+0000] {taskinstance.py:2306} INFO - Starting attempt 2 of 2
[2025-05-22T20:44:12.096+0000] {taskinstance.py:2330} INFO - Executing <Task(PythonOperator): load_data> on 2025-05-22 20:37:37.436492+00:00
[2025-05-22T20:44:12.154+0000] {logging_mixin.py:188} WARNING - /home/***/.local/lib/python3.12/site-packages/***/task/task_runner/standard_task_runner.py:61 DeprecationWarning: This process (pid=161) is multi-threaded, use of fork() may lead to deadlocks in the child.
[2025-05-22T20:44:12.158+0000] {standard_task_runner.py:63} INFO - Started process 170 to run task
[2025-05-22T20:44:12.153+0000] {standard_task_runner.py:90} INFO - Running: ['***', 'tasks', 'run', 'who_health_pipeline', 'load_data', 'manual__2025-05-22T20:37:37.436492+00:00', '--job-id', '11', '--raw', '--subdir', 'DAGS_FOLDER/who_health_pipeline_dag.py', '--cfg-path', '/tmp/tmp_3l1uekd']
[2025-05-22T20:44:12.162+0000] {standard_task_runner.py:91} INFO - Job 11: Subtask load_data
[2025-05-22T20:44:12.222+0000] {logging_mixin.py:188} WARNING - /home/***/.local/lib/python3.12/site-packages/***/settings.py:195 DeprecationWarning: The sql_alchemy_conn option in [core] has been moved to the sql_alchemy_conn option in [database] - the old setting has been used, but please update your config.
[2025-05-22T20:44:12.394+0000] {task_command.py:426} INFO - Running <TaskInstance: who_health_pipeline.load_data manual__2025-05-22T20:37:37.436492+00:00 [running]> on host f073b08221f5
[2025-05-22T20:44:12.816+0000] {taskinstance.py:2648} INFO - Exporting env vars: AIRFLOW_CTX_DAG_OWNER='joao' AIRFLOW_CTX_DAG_ID='who_health_pipeline' AIRFLOW_CTX_TASK_ID='load_data' AIRFLOW_CTX_EXECUTION_DATE='2025-05-22T20:37:37.436492+00:00' AIRFLOW_CTX_TRY_NUMBER='2' AIRFLOW_CTX_DAG_RUN_ID='manual__2025-05-22T20:37:37.436492+00:00'
[2025-05-22T20:44:12.824+0000] {taskinstance.py:430} INFO - ::endgroup::
[2025-05-22T20:44:13.931+0000] {taskinstance.py:441} INFO - ::group::Post task execution logs
[2025-05-22T20:44:13.934+0000] {taskinstance.py:2905} ERROR - Task failed with exception
Traceback (most recent call last):
  File "/home/airflow/.local/lib/python3.12/site-packages/sqlalchemy/engine/base.py", line 1910, in _execute_context
    self.dialect.do_execute(
  File "/home/airflow/.local/lib/python3.12/site-packages/sqlalchemy/engine/default.py", line 736, in do_execute
    cursor.execute(statement, parameters)
psycopg2.errors.UniqueViolation: duplicate key value violates unique constraint "pg_type_typname_nsp_index"
DETAIL:  Key (typname, typnamespace)=(who_health_data, 2200) already exists.


The above exception was the direct cause of the following exception:

Traceback (most recent call last):
  File "/home/airflow/.local/lib/python3.12/site-packages/airflow/models/taskinstance.py", line 465, in _execute_task
    result = _execute_callable(context=context, **execute_callable_kwargs)
             ^^^^^^^^^^^^^^^^^^^^^^^^^^^^^^^^^^^^^^^^^^^^^^^^^^^^^^^^^^^^^
  File "/home/airflow/.local/lib/python3.12/site-packages/airflow/models/taskinstance.py", line 432, in _execute_callable
    return execute_callable(context=context, **execute_callable_kwargs)
           ^^^^^^^^^^^^^^^^^^^^^^^^^^^^^^^^^^^^^^^^^^^^^^^^^^^^^^^^^^^^
  File "/home/airflow/.local/lib/python3.12/site-packages/airflow/models/baseoperator.py", line 400, in wrapper
    return func(self, *args, **kwargs)
           ^^^^^^^^^^^^^^^^^^^^^^^^^^^
  File "/home/airflow/.local/lib/python3.12/site-packages/airflow/operators/python.py", line 235, in execute
    return_value = self.execute_callable()
                   ^^^^^^^^^^^^^^^^^^^^^^^
  File "/home/airflow/.local/lib/python3.12/site-packages/airflow/operators/python.py", line 252, in execute_callable
    return self.python_callable(*self.op_args, **self.op_kwargs)
           ^^^^^^^^^^^^^^^^^^^^^^^^^^^^^^^^^^^^^^^^^^^^^^^^^^^^^
  File "/opt/airflow/src/load_data.py", line 27, in load_data
    df.to_sql(TABLE_NAME, conn, if_exists="replace", index=False)
  File "/home/airflow/.local/lib/python3.12/site-packages/pandas/util/_decorators.py", line 333, in wrapper
    return func(*args, **kwargs)
           ^^^^^^^^^^^^^^^^^^^^^
  File "/home/airflow/.local/lib/python3.12/site-packages/pandas/core/generic.py", line 3008, in to_sql
    return sql.to_sql(
           ^^^^^^^^^^^
  File "/home/airflow/.local/lib/python3.12/site-packages/pandas/io/sql.py", line 788, in to_sql
    return pandas_sql.to_sql(
           ^^^^^^^^^^^^^^^^^^
  File "/home/airflow/.local/lib/python3.12/site-packages/pandas/io/sql.py", line 1948, in to_sql
    table = self.prep_table(
            ^^^^^^^^^^^^^^^^
  File "/home/airflow/.local/lib/python3.12/site-packages/pandas/io/sql.py", line 1852, in prep_table
    table.create()
  File "/home/airflow/.local/lib/python3.12/site-packages/pandas/io/sql.py", line 936, in create
    self._execute_create()
  File "/home/airflow/.local/lib/python3.12/site-packages/pandas/io/sql.py", line 922, in _execute_create
    self.table.create(bind=self.pd_sql.con)
  File "/home/airflow/.local/lib/python3.12/site-packages/sqlalchemy/sql/schema.py", line 962, in create
    bind._run_ddl_visitor(ddl.SchemaGenerator, self, checkfirst=checkfirst)
  File "/home/airflow/.local/lib/python3.12/site-packages/sqlalchemy/engine/base.py", line 2221, in _run_ddl_visitor
    visitorcallable(self.dialect, self, **kwargs).traverse_single(element)
  File "/home/airflow/.local/lib/python3.12/site-packages/sqlalchemy/sql/visitors.py", line 524, in traverse_single
    return meth(obj, **kw)
           ^^^^^^^^^^^^^^^
  File "/home/airflow/.local/lib/python3.12/site-packages/sqlalchemy/sql/ddl.py", line 899, in visit_table
    self.connection.execute(
  File "/home/airflow/.local/lib/python3.12/site-packages/sqlalchemy/engine/base.py", line 1385, in execute
    return meth(self, multiparams, params, _EMPTY_EXECUTION_OPTS)
           ^^^^^^^^^^^^^^^^^^^^^^^^^^^^^^^^^^^^^^^^^^^^^^^^^^^^^^
  File "/home/airflow/.local/lib/python3.12/site-packages/sqlalchemy/sql/ddl.py", line 80, in _execute_on_connection
    return connection._execute_ddl(
           ^^^^^^^^^^^^^^^^^^^^^^^^
  File "/home/airflow/.local/lib/python3.12/site-packages/sqlalchemy/engine/base.py", line 1477, in _execute_ddl
    ret = self._execute_context(
          ^^^^^^^^^^^^^^^^^^^^^^
  File "/home/airflow/.local/lib/python3.12/site-packages/sqlalchemy/engine/base.py", line 1953, in _execute_context
    self._handle_dbapi_exception(
  File "/home/airflow/.local/lib/python3.12/site-packages/sqlalchemy/engine/base.py", line 2134, in _handle_dbapi_exception
    util.raise_(
  File "/home/airflow/.local/lib/python3.12/site-packages/sqlalchemy/util/compat.py", line 211, in raise_
    raise exception
  File "/home/airflow/.local/lib/python3.12/site-packages/sqlalchemy/engine/base.py", line 1910, in _execute_context
    self.dialect.do_execute(
  File "/home/airflow/.local/lib/python3.12/site-packages/sqlalchemy/engine/default.py", line 736, in do_execute
    cursor.execute(statement, parameters)
sqlalchemy.exc.IntegrityError: (psycopg2.errors.UniqueViolation) duplicate key value violates unique constraint "pg_type_typname_nsp_index"
DETAIL:  Key (typname, typnamespace)=(who_health_data, 2200) already exists.

[SQL: 
CREATE TABLE who_health_data (
	indicatorcode TEXT, 
	spatialdim TEXT, 
	parentlocation TEXT, 
	timedim BIGINT, 
	numericvalue FLOAT(53)
)

]
(Background on this error at: https://sqlalche.me/e/14/gkpj)
[2025-05-22T20:44:14.019+0000] {taskinstance.py:1206} INFO - Marking task as FAILED. dag_id=who_health_pipeline, task_id=load_data, run_id=manual__2025-05-22T20:37:37.436492+00:00, execution_date=20250522T203737, start_date=20250522T204411, end_date=20250522T204414
[2025-05-22T20:44:14.078+0000] {standard_task_runner.py:110} ERROR - Failed to execute job 11 for task load_data ((psycopg2.errors.UniqueViolation) duplicate key value violates unique constraint "pg_type_typname_nsp_index"
DETAIL:  Key (typname, typnamespace)=(who_health_data, 2200) already exists.

[SQL: 
CREATE TABLE who_health_data (
	indicatorcode TEXT, 
	spatialdim TEXT, 
	parentlocation TEXT, 
	timedim BIGINT, 
	numericvalue FLOAT(53)
)

]
(Background on this error at: https://sqlalche.me/e/14/gkpj); 170)
[2025-05-22T20:44:14.110+0000] {local_task_job_runner.py:240} INFO - Task exited with return code 1
[2025-05-22T20:44:14.193+0000] {taskinstance.py:3498} INFO - 0 downstream tasks scheduled from follow-on schedule check
[2025-05-22T20:44:14.296+0000] {local_task_job_runner.py:222} INFO - ::endgroup::
