[2025-05-22T20:54:30.927+0000] {local_task_job_runner.py:120} INFO - ::group::Pre task execution logs
[2025-05-22T20:54:30.974+0000] {taskinstance.py:2076} INFO - Dependencies all met for dep_context=non-requeueable deps ti=<TaskInstance: who_health_pipeline.transform_data manual__2025-05-22T20:54:12.749062+00:00 [queued]>
[2025-05-22T20:54:30.986+0000] {taskinstance.py:2076} INFO - Dependencies all met for dep_context=requeueable deps ti=<TaskInstance: who_health_pipeline.transform_data manual__2025-05-22T20:54:12.749062+00:00 [queued]>
[2025-05-22T20:54:30.987+0000] {taskinstance.py:2306} INFO - Starting attempt 1 of 2
[2025-05-22T20:54:31.006+0000] {taskinstance.py:2330} INFO - Executing <Task(PythonOperator): transform_data> on 2025-05-22 20:54:12.749062+00:00
[2025-05-22T20:54:31.019+0000] {logging_mixin.py:188} WARNING - /home/***/.local/lib/python3.12/site-packages/***/task/task_runner/standard_task_runner.py:61 DeprecationWarning: This process (pid=292) is multi-threaded, use of fork() may lead to deadlocks in the child.
[2025-05-22T20:54:31.021+0000] {standard_task_runner.py:63} INFO - Started process 294 to run task
[2025-05-22T20:54:31.019+0000] {standard_task_runner.py:90} INFO - Running: ['***', 'tasks', 'run', 'who_health_pipeline', 'transform_data', 'manual__2025-05-22T20:54:12.749062+00:00', '--job-id', '15', '--raw', '--subdir', 'DAGS_FOLDER/who_health_pipeline_dag.py', '--cfg-path', '/tmp/tmp5pqwiw66']
[2025-05-22T20:54:31.023+0000] {standard_task_runner.py:91} INFO - Job 15: Subtask transform_data
[2025-05-22T20:54:31.049+0000] {logging_mixin.py:188} WARNING - /home/***/.local/lib/python3.12/site-packages/***/settings.py:195 DeprecationWarning: The sql_alchemy_conn option in [core] has been moved to the sql_alchemy_conn option in [database] - the old setting has been used, but please update your config.
[2025-05-22T20:54:31.109+0000] {task_command.py:426} INFO - Running <TaskInstance: who_health_pipeline.transform_data manual__2025-05-22T20:54:12.749062+00:00 [running]> on host f073b08221f5
[2025-05-22T20:54:31.258+0000] {taskinstance.py:2648} INFO - Exporting env vars: AIRFLOW_CTX_DAG_OWNER='joao' AIRFLOW_CTX_DAG_ID='who_health_pipeline' AIRFLOW_CTX_TASK_ID='transform_data' AIRFLOW_CTX_EXECUTION_DATE='2025-05-22T20:54:12.749062+00:00' AIRFLOW_CTX_TRY_NUMBER='1' AIRFLOW_CTX_DAG_RUN_ID='manual__2025-05-22T20:54:12.749062+00:00'
[2025-05-22T20:54:31.260+0000] {taskinstance.py:430} INFO - ::endgroup::
[2025-05-22T20:54:31.319+0000] {logging_mixin.py:188} INFO - Datos validados cargados con 12210 filas.
[2025-05-22T20:54:31.391+0000] {logging_mixin.py:188} INFO - Datos transformados guardados en: data/transformed_data.csv
[2025-05-22T20:54:31.393+0000] {python.py:237} INFO - Done. Returned value was: None
[2025-05-22T20:54:31.394+0000] {taskinstance.py:441} INFO - ::group::Post task execution logs
[2025-05-22T20:54:31.418+0000] {taskinstance.py:1206} INFO - Marking task as SUCCESS. dag_id=who_health_pipeline, task_id=transform_data, run_id=manual__2025-05-22T20:54:12.749062+00:00, execution_date=20250522T205412, start_date=20250522T205430, end_date=20250522T205431
[2025-05-22T20:54:31.477+0000] {local_task_job_runner.py:240} INFO - Task exited with return code 0
[2025-05-22T20:54:31.516+0000] {taskinstance.py:3498} INFO - 1 downstream tasks scheduled from follow-on schedule check
[2025-05-22T20:54:31.520+0000] {local_task_job_runner.py:222} INFO - ::endgroup::
