[2025-05-22T20:17:38.255+0000] {local_task_job_runner.py:120} INFO - ::group::Pre task execution logs
[2025-05-22T20:17:38.332+0000] {taskinstance.py:2076} INFO - Dependencies all met for dep_context=non-requeueable deps ti=<TaskInstance: who_health_pipeline.extract_data manual__2025-05-22T20:17:35.272139+00:00 [queued]>
[2025-05-22T20:17:38.345+0000] {taskinstance.py:2076} INFO - Dependencies all met for dep_context=requeueable deps ti=<TaskInstance: who_health_pipeline.extract_data manual__2025-05-22T20:17:35.272139+00:00 [queued]>
[2025-05-22T20:17:38.346+0000] {taskinstance.py:2306} INFO - Starting attempt 1 of 2
[2025-05-22T20:17:38.365+0000] {taskinstance.py:2330} INFO - Executing <Task(PythonOperator): extract_data> on 2025-05-22 20:17:35.272139+00:00
[2025-05-22T20:17:38.377+0000] {logging_mixin.py:188} WARNING - /home/***/.local/lib/python3.12/site-packages/***/task/task_runner/standard_task_runner.py:61 DeprecationWarning: This process (pid=196) is multi-threaded, use of fork() may lead to deadlocks in the child.
[2025-05-22T20:17:38.379+0000] {standard_task_runner.py:63} INFO - Started process 198 to run task
[2025-05-22T20:17:38.377+0000] {standard_task_runner.py:90} INFO - Running: ['***', 'tasks', 'run', 'who_health_pipeline', 'extract_data', 'manual__2025-05-22T20:17:35.272139+00:00', '--job-id', '17', '--raw', '--subdir', 'DAGS_FOLDER/who_health_pipeline_dag.py', '--cfg-path', '/tmp/tmppn408npf']
[2025-05-22T20:17:38.383+0000] {standard_task_runner.py:91} INFO - Job 17: Subtask extract_data
[2025-05-22T20:17:38.414+0000] {logging_mixin.py:188} WARNING - /home/***/.local/lib/python3.12/site-packages/***/settings.py:195 DeprecationWarning: The sql_alchemy_conn option in [core] has been moved to the sql_alchemy_conn option in [database] - the old setting has been used, but please update your config.
[2025-05-22T20:17:38.482+0000] {task_command.py:426} INFO - Running <TaskInstance: who_health_pipeline.extract_data manual__2025-05-22T20:17:35.272139+00:00 [running]> on host 51fa540bc812
[2025-05-22T20:17:38.771+0000] {taskinstance.py:2648} INFO - Exporting env vars: AIRFLOW_CTX_DAG_OWNER='joao' AIRFLOW_CTX_DAG_ID='who_health_pipeline' AIRFLOW_CTX_TASK_ID='extract_data' AIRFLOW_CTX_EXECUTION_DATE='2025-05-22T20:17:35.272139+00:00' AIRFLOW_CTX_TRY_NUMBER='1' AIRFLOW_CTX_DAG_RUN_ID='manual__2025-05-22T20:17:35.272139+00:00'
[2025-05-22T20:17:38.773+0000] {taskinstance.py:430} INFO - ::endgroup::
[2025-05-22T20:17:38.862+0000] {logging_mixin.py:188} INFO - Solicitando datos desde https://ghoapi.azureedge.net/api/WHOSIS_000001...
[2025-05-22T20:17:42.631+0000] {logging_mixin.py:188} INFO - Datos guardados en data/raw_data.json
[2025-05-22T20:17:42.820+0000] {logging_mixin.py:188} INFO - 
Preview de datos crudos:
[2025-05-22T20:17:42.895+0000] {logging_mixin.py:188} INFO -         Id  IndicatorCode  ...         TimeDimensionBegin           TimeDimensionEnd
0  3668705  WHOSIS_000001  ...  2021-01-01T00:00:00+01:00  2021-12-31T00:00:00+01:00
1  3668879  WHOSIS_000001  ...  2000-01-01T00:00:00+01:00  2000-12-31T00:00:00+01:00
2  3670369  WHOSIS_000001  ...  2014-01-01T00:00:00+01:00  2014-12-31T00:00:00+01:00
3  3671012  WHOSIS_000001  ...  2003-01-01T00:00:00+01:00  2003-12-31T00:00:00+01:00
4  3671283  WHOSIS_000001  ...  2013-01-01T00:00:00+01:00  2013-12-31T00:00:00+01:00

[5 rows x 25 columns]
[2025-05-22T20:17:42.896+0000] {logging_mixin.py:188} INFO - 
Columnas disponibles:
[2025-05-22T20:17:42.897+0000] {logging_mixin.py:188} INFO - ['Id', 'IndicatorCode', 'SpatialDimType', 'SpatialDim', 'ParentLocationCode', 'TimeDimType', 'ParentLocation', 'Dim1Type', 'Dim1', 'TimeDim', 'Dim2Type', 'Dim2', 'Dim3Type', 'Dim3', 'DataSourceDimType', 'DataSourceDim', 'Value', 'NumericValue', 'Low', 'High', 'Comments', 'Date', 'TimeDimensionValue', 'TimeDimensionBegin', 'TimeDimensionEnd']
[2025-05-22T20:17:42.915+0000] {python.py:237} INFO - Done. Returned value was: None
[2025-05-22T20:17:42.916+0000] {taskinstance.py:441} INFO - ::group::Post task execution logs
[2025-05-22T20:17:42.940+0000] {taskinstance.py:1206} INFO - Marking task as SUCCESS. dag_id=who_health_pipeline, task_id=extract_data, run_id=manual__2025-05-22T20:17:35.272139+00:00, execution_date=20250522T201735, start_date=20250522T201738, end_date=20250522T201742
[2025-05-22T20:17:43.039+0000] {local_task_job_runner.py:240} INFO - Task exited with return code 0
[2025-05-22T20:17:43.097+0000] {local_task_job_runner.py:222} INFO - ::endgroup::
