[2025-05-22T20:54:17.459+0000] {local_task_job_runner.py:120} INFO - ::group::Pre task execution logs
[2025-05-22T20:54:17.814+0000] {taskinstance.py:2076} INFO - Dependencies all met for dep_context=non-requeueable deps ti=<TaskInstance: who_health_pipeline.extract_data manual__2025-05-22T20:54:12.749062+00:00 [queued]>
[2025-05-22T20:54:17.900+0000] {taskinstance.py:2076} INFO - Dependencies all met for dep_context=requeueable deps ti=<TaskInstance: who_health_pipeline.extract_data manual__2025-05-22T20:54:12.749062+00:00 [queued]>
[2025-05-22T20:54:17.906+0000] {taskinstance.py:2306} INFO - Starting attempt 1 of 2
[2025-05-22T20:54:18.109+0000] {taskinstance.py:2330} INFO - Executing <Task(PythonOperator): extract_data> on 2025-05-22 20:54:12.749062+00:00
[2025-05-22T20:54:18.182+0000] {logging_mixin.py:188} WARNING - /home/***/.local/lib/python3.12/site-packages/***/task/task_runner/standard_task_runner.py:61 DeprecationWarning: This process (pid=280) is multi-threaded, use of fork() may lead to deadlocks in the child.
[2025-05-22T20:54:18.194+0000] {standard_task_runner.py:63} INFO - Started process 282 to run task
[2025-05-22T20:54:18.180+0000] {standard_task_runner.py:90} INFO - Running: ['***', 'tasks', 'run', 'who_health_pipeline', 'extract_data', 'manual__2025-05-22T20:54:12.749062+00:00', '--job-id', '13', '--raw', '--subdir', 'DAGS_FOLDER/who_health_pipeline_dag.py', '--cfg-path', '/tmp/tmpgxdobt87']
[2025-05-22T20:54:18.203+0000] {standard_task_runner.py:91} INFO - Job 13: Subtask extract_data
[2025-05-22T20:54:18.315+0000] {logging_mixin.py:188} WARNING - /home/***/.local/lib/python3.12/site-packages/***/settings.py:195 DeprecationWarning: The sql_alchemy_conn option in [core] has been moved to the sql_alchemy_conn option in [database] - the old setting has been used, but please update your config.
[2025-05-22T20:54:18.523+0000] {task_command.py:426} INFO - Running <TaskInstance: who_health_pipeline.extract_data manual__2025-05-22T20:54:12.749062+00:00 [running]> on host f073b08221f5
[2025-05-22T20:54:18.933+0000] {taskinstance.py:2648} INFO - Exporting env vars: AIRFLOW_CTX_DAG_OWNER='joao' AIRFLOW_CTX_DAG_ID='who_health_pipeline' AIRFLOW_CTX_TASK_ID='extract_data' AIRFLOW_CTX_EXECUTION_DATE='2025-05-22T20:54:12.749062+00:00' AIRFLOW_CTX_TRY_NUMBER='1' AIRFLOW_CTX_DAG_RUN_ID='manual__2025-05-22T20:54:12.749062+00:00'
[2025-05-22T20:54:18.939+0000] {taskinstance.py:430} INFO - ::endgroup::
[2025-05-22T20:54:19.117+0000] {logging_mixin.py:188} INFO - Solicitando datos desde https://ghoapi.azureedge.net/api/WHOSIS_000001...
[2025-05-22T20:54:24.922+0000] {logging_mixin.py:188} INFO - Datos guardados en data/raw_data.json
[2025-05-22T20:54:25.176+0000] {logging_mixin.py:188} INFO - 
Preview de datos crudos:
[2025-05-22T20:54:25.269+0000] {logging_mixin.py:188} INFO -         Id  IndicatorCode  ...         TimeDimensionBegin           TimeDimensionEnd
0  3668705  WHOSIS_000001  ...  2021-01-01T00:00:00+01:00  2021-12-31T00:00:00+01:00
1  3668879  WHOSIS_000001  ...  2000-01-01T00:00:00+01:00  2000-12-31T00:00:00+01:00
2  3670369  WHOSIS_000001  ...  2014-01-01T00:00:00+01:00  2014-12-31T00:00:00+01:00
3  3671012  WHOSIS_000001  ...  2003-01-01T00:00:00+01:00  2003-12-31T00:00:00+01:00
4  3671283  WHOSIS_000001  ...  2013-01-01T00:00:00+01:00  2013-12-31T00:00:00+01:00

[5 rows x 25 columns]
[2025-05-22T20:54:25.270+0000] {logging_mixin.py:188} INFO - 
Columnas disponibles:
[2025-05-22T20:54:25.271+0000] {logging_mixin.py:188} INFO - ['Id', 'IndicatorCode', 'SpatialDimType', 'SpatialDim', 'ParentLocationCode', 'TimeDimType', 'ParentLocation', 'Dim1Type', 'Dim1', 'TimeDim', 'Dim2Type', 'Dim2', 'Dim3Type', 'Dim3', 'DataSourceDimType', 'DataSourceDim', 'Value', 'NumericValue', 'Low', 'High', 'Comments', 'Date', 'TimeDimensionValue', 'TimeDimensionBegin', 'TimeDimensionEnd']
[2025-05-22T20:54:25.301+0000] {python.py:237} INFO - Done. Returned value was: None
[2025-05-22T20:54:25.302+0000] {taskinstance.py:441} INFO - ::group::Post task execution logs
[2025-05-22T20:54:25.333+0000] {taskinstance.py:1206} INFO - Marking task as SUCCESS. dag_id=who_health_pipeline, task_id=extract_data, run_id=manual__2025-05-22T20:54:12.749062+00:00, execution_date=20250522T205412, start_date=20250522T205417, end_date=20250522T205425
[2025-05-22T20:54:25.388+0000] {local_task_job_runner.py:240} INFO - Task exited with return code 0
[2025-05-22T20:54:25.431+0000] {taskinstance.py:3498} INFO - 1 downstream tasks scheduled from follow-on schedule check
[2025-05-22T20:54:25.434+0000] {local_task_job_runner.py:222} INFO - ::endgroup::
