[2025-05-22T23:15:09.553+0000] {local_task_job_runner.py:120} INFO - ::group::Pre task execution logs
[2025-05-22T23:15:09.634+0000] {taskinstance.py:2076} INFO - Dependencies all met for dep_context=non-requeueable deps ti=<TaskInstance: who_health_pipeline.load_data manual__2025-05-22T23:14:41.375105+00:00 [queued]>
[2025-05-22T23:15:09.655+0000] {taskinstance.py:2076} INFO - Dependencies all met for dep_context=requeueable deps ti=<TaskInstance: who_health_pipeline.load_data manual__2025-05-22T23:14:41.375105+00:00 [queued]>
[2025-05-22T23:15:09.658+0000] {taskinstance.py:2306} INFO - Starting attempt 1 of 2
[2025-05-22T23:15:09.690+0000] {taskinstance.py:2330} INFO - Executing <Task(PythonOperator): load_data> on 2025-05-22 23:14:41.375105+00:00
[2025-05-22T23:15:09.717+0000] {logging_mixin.py:188} WARNING - /home/***/.local/lib/python3.12/site-packages/***/task/task_runner/standard_task_runner.py:61 DeprecationWarning: This process (pid=1867) is multi-threaded, use of fork() may lead to deadlocks in the child.
[2025-05-22T23:15:09.746+0000] {standard_task_runner.py:63} INFO - Started process 1873 to run task
[2025-05-22T23:15:09.752+0000] {standard_task_runner.py:90} INFO - Running: ['***', 'tasks', 'run', 'who_health_pipeline', 'load_data', 'manual__2025-05-22T23:14:41.375105+00:00', '--job-id', '20', '--raw', '--subdir', 'DAGS_FOLDER/who_health_pipeline_dag.py', '--cfg-path', '/tmp/tmpscpp_78r']
[2025-05-22T23:15:09.777+0000] {standard_task_runner.py:91} INFO - Job 20: Subtask load_data
[2025-05-22T23:15:10.018+0000] {logging_mixin.py:188} WARNING - /home/***/.local/lib/python3.12/site-packages/***/settings.py:195 DeprecationWarning: The sql_alchemy_conn option in [core] has been moved to the sql_alchemy_conn option in [database] - the old setting has been used, but please update your config.
[2025-05-22T23:15:10.396+0000] {task_command.py:426} INFO - Running <TaskInstance: who_health_pipeline.load_data manual__2025-05-22T23:14:41.375105+00:00 [running]> on host f073b08221f5
[2025-05-22T23:15:10.796+0000] {taskinstance.py:2648} INFO - Exporting env vars: AIRFLOW_CTX_DAG_OWNER='joao' AIRFLOW_CTX_DAG_ID='who_health_pipeline' AIRFLOW_CTX_TASK_ID='load_data' AIRFLOW_CTX_EXECUTION_DATE='2025-05-22T23:14:41.375105+00:00' AIRFLOW_CTX_TRY_NUMBER='1' AIRFLOW_CTX_DAG_RUN_ID='manual__2025-05-22T23:14:41.375105+00:00'
[2025-05-22T23:15:10.800+0000] {taskinstance.py:430} INFO - ::endgroup::
[2025-05-22T23:15:12.871+0000] {logging_mixin.py:188} INFO - Datos cargados correctamente en la tabla 'who_health_data'.
[2025-05-22T23:15:12.875+0000] {python.py:237} INFO - Done. Returned value was: None
[2025-05-22T23:15:12.878+0000] {taskinstance.py:441} INFO - ::group::Post task execution logs
[2025-05-22T23:15:12.944+0000] {taskinstance.py:1206} INFO - Marking task as SUCCESS. dag_id=who_health_pipeline, task_id=load_data, run_id=manual__2025-05-22T23:14:41.375105+00:00, execution_date=20250522T231441, start_date=20250522T231509, end_date=20250522T231512
[2025-05-22T23:15:13.032+0000] {local_task_job_runner.py:240} INFO - Task exited with return code 0
[2025-05-22T23:15:13.074+0000] {taskinstance.py:3498} INFO - 0 downstream tasks scheduled from follow-on schedule check
[2025-05-22T23:15:13.077+0000] {local_task_job_runner.py:222} INFO - ::endgroup::
